12:40:50 **** Incremental Build of configuration Debug for project SoC_advanced_project ****
make -j4 all 
arm-none-eabi-gcc "../Core/Src/main.c" -mcpu=cortex-m4 -std=gnu11 -g3 -DDEBUG -DUSE_HAL_DRIVER -DSTM32F446xx -c -I../Core/Inc -I../Drivers/STM32F4xx_HAL_Driver/Inc -I../Drivers/STM32F4xx_HAL_Driver/Inc/Legacy -I../Drivers/CMSIS/Device/ST/STM32F4xx/Include -I../Drivers/CMSIS/Include -O0 -ffunction-sections -fdata-sections -Wall -fstack-usage -fcyclomatic-complexity -MMD -MP -MF"Core/Src/main.d" -MT"Core/Src/main.o" --specs=nano.specs -mfpu=fpv4-sp-d16 -mfloat-abi=hard -mthumb -o "Core/Src/main.o"
arm-none-eabi-gcc -o "SoC_advanced_project.elf" @"objects.list"   -mcpu=cortex-m4 -T"/home/alhasanbondok/STM32CubeIDE/workspace/SoC_advanced_project/STM32F446RETX_FLASH.ld" --specs=nosys.specs -Wl,-Map="SoC_advanced_project.map" -Wl,--gc-sections -static --specs=nano.specs -mfpu=fpv4-sp-d16 -mfloat-abi=hard -mthumb -u _printf_float -u _scanf_float -Wl,--start-group -lc -lm -Wl,--end-group
Finished building target: SoC_advanced_project.elf
 
arm-none-eabi-size   SoC_advanced_project.elf 
arm-none-eabi-objdump -h -S  SoC_advanced_project.elf  > "SoC_advanced_project.list"
   text	   data	    bss	    dec	    hex	filename
  42744	    492	   2116	  45352	   b128	SoC_advanced_project.elf
Finished building: default.size.stdout
 
Finished building: SoC_advanced_project.list
 

12:40:52 Build Finished. 0 errors, 0 warnings. (took 1s.912ms)

