../Core/Src/main.c:156:6:turn_ignition_on	48	static
../Core/Src/main.c:170:6:turn_vehicle_on	40	static
../Core/Src/main.c:185:6:check_alcohol_level	88	static
../Core/Src/main.c:210:6:start_measurement	8	static
../Core/Src/main.c:242:6:uS_delay	16	static
../Core/Src/main.c:255:6:HAL_TIM_IC_CaptureCallback	16	static
../Core/Src/main.c:420:6:verify_sensor_measurements	32	static
../Core/Src/main.c:518:7:calculate_median	40	static
../Core/Src/main.c:548:6:median_util	40	static
../Core/Src/main.c:597:5:random_partition	40	static
../Core/Src/main.c:614:5:partition	40	static
../Core/Src/main.c:636:6:swap	24	static
../Core/Src/main.c:648:6:check_sensor_measurements	80	static
../Core/Src/main.c:709:6:check_distance_status	64	static
../Core/Src/main.c:757:6:HAL_GPIO_EXTI_Callback	16	static
../Core/Src/main.c:788:6:driver_asleep	64	static
../Core/Src/main.c:803:6:turn_vehicle_off	40	static
../Core/Src/main.c:816:6:turn_ignition_off	48	static
../Core/Src/main.c:831:5:main	8	static
../Core/Src/main.c:898:6:SystemClock_Config	88	static
../Core/Src/main.c:943:13:MX_TIM1_Init	32	static
../Core/Src/main.c:989:13:MX_TIM3_Init	32	static
../Core/Src/main.c:1034:13:MX_TIM4_Init	32	static
../Core/Src/main.c:1079:13:MX_TIM8_Init	32	static
../Core/Src/main.c:1125:13:MX_USART2_UART_Init	8	static
../Core/Src/main.c:1156:13:MX_GPIO_Init	48	static
../Core/Src/main.c:1218:6:Error_Handler	4	static,ignoring_inline_asm
